// Vitest Snapshot v1

exports[`import test > complete vue file 1`] = `"<template><div></div></template><script></script><style></style>"`;

exports[`import test > repeat import 1`] = `
"<script>import { ref, ref, computed } from \\"vue\\";
import { useI18n, useI18n } from \\"vue-i18n\\";</script>"
`;

exports[`import test > single script 1`] = `
"<script>import { ref } from \\"vue\\";
import { useI18n } from \\"vue-i18n\\";
import { a } from \\"b\\";</script>"
`;
